
> react-example@0.0.0 build
> vite build

vite v6.4.2 building for production...
transforming...
